{"tool":"pest","result":"failed","tests":4,"passed":2,"assertions":5,"duration_ms":507,"failed":2,"failures":[{"test":"P\\Tests\\Feature\\OrganizerDashboardTest::__pest_evaluable_organizers_can_access_their_dashboard","file":"/Applications/MAMP/htdocs/laravel/newvantom/pushennewvantom/myrepo/finalproject/Tickethub/vendor/laravel/framework/src/Illuminate/Testing/TestResponseAssert.php","line":45,"message":"Expected response status code [200] but received 500.\nFailed asserting that 500 is identical to 200.\n\nThe following exception occurred during the last request:\n\nTypeError: App\\Services\\OrganizerStatsService::getDateFilter(): Return value must be of type Carbon\\Carbon, Carbon\\CarbonImmutable returned in /Applications/MAMP/htdocs/laravel/newvantom/pushennewvantom/myrepo/finalproject/Tickethub/app/Services/OrganizerStatsService.php:54\nStack trace:\n#0 /Applications/MAMP/htdocs/laravel/newvantom/pushennewvantom/myrepo/finalproject/Tickethub/app/Services/OrganizerStatsService.php(18): App\\Services\\OrganizerStatsService->getDateFilter('month')\n#1 /Applications/MAMP/htdocs/laravel/newvantom/pushennewvantom/myrepo/finalproject/Tickethub/app/Http/Controllers/Organizer/DashboardController.php(19): App\\Services\\OrganizerStatsService->getDashboardStats(Object(App\\Models\\Organizer), 'month')\n#2 /Applications/MAMP/htdocs/laravel/newvantom/pushennewvantom/myrepo/finalproject/Tickethub/vendor/laravel/framework/src/Illuminate/Routing/ControllerDispatcher.php(46): App\\Http\\Controllers\\Organizer\\DashboardController->index(Object(Illuminate\\Http\\Request), Object(App\\Services\\OrganizerStatsService))\n#3 /Applications/MAMP/htdocs/laravel/newvantom/pushennewvantom/myrepo/finalproject/Tickethub/vendor/laravel/framework/src/Illuminate/Routing/Route.php(269): Illuminate\\Routing\\ControllerDispatcher->dispatch(Object(Illuminate\\Routing\\Route), Object(App\\Http\\Controllers\\Organizer\\DashboardController), 'index')\n#4 /Applications/MAMP/htdocs/laravel/newvantom/pushennewvantom/myrepo/finalproject/Tickethub/vendor/laravel/framework/src/Illuminate/Routing/Route.php(215): Illuminate\\Routing\\Route->runController()\n#5 /Applications/MAMP/htdocs/laravel/newvantom/pushennewvantom/myrepo/finalproject/Tickethub/vendor/laravel/framework/src/Illuminate/Routing/Router.php(822): Illuminate\\Routing\\Route->run()\n#6 /Applications/MAMP/htdocs/laravel/newvantom/pushennewvantom/myrepo/finalproject/Tickethub/vendor/laravel/framework/src/Illuminate/Pipeline/Pipeline.php(180): Illuminate\\Routing\\Router->{closure:Illuminate\\Routing\\Router::runRouteWithinStack():821}(Object(Illuminate\\Http\\Request))\n#7 /Applications/MAMP/htdocs/laravel/newvantom/pushennewvantom/myrepo/finalproject/Tickethub/app/Http/Middleware/RoleMiddleware.php(22): Illuminate\\Pipeline\\Pipeline->{closure:Illuminate\\Pipeline\\Pipeline::prepareDestination():178}(Object(Illuminate\\Http\\Request))\n#8 /Applications/MAMP/htdocs/laravel/newvantom/pushennewvantom/myrepo/finalproject/Tickethub/vendor/laravel/framework/src/Illuminate/Pipeline/Pipeline.php(219): App\\Http\\Middleware\\RoleMiddleware->handle(Object(Illuminate\\Http\\Request), Object(Closure), 'organizer')\n#9 /Applications/MAMP/htdocs/laravel/newvantom/pushennewvantom/myrepo/finalproject/Tickethub/vendor/laravel/framework/src/Illuminate/Auth/Middleware/EnsureEmailIsVerified.php(41): Illuminate\\Pipeline\\Pipeline->{closure:{closure:Illuminate\\Pipeline\\Pipeline::carry():194}:195}(Object(Illuminate\\Http\\Request))\n#10 /Applications/MAMP/htdocs/laravel/newvantom/pushennewvantom/myrepo/finalproject/Tickethub/vendor/laravel/framework/src/Illuminate/Pipeline/Pipeline.php(219): Illuminate\\Auth\\Middleware\\EnsureEmailIsVerified->handle(Object(Illuminate\\Http\\Request), Object(Closure))\n#11 /Applications/MAMP/htdocs/laravel/newvantom/pushennewvantom/myrepo/finalproject/Tickethub/vendor/laravel/framework/src/Illuminate/Routing/Middleware/SubstituteBindings.php(52): Illuminate\\Pipeline\\Pipeline->{closure:{closure:Illuminate\\Pipeline\\Pipeline::carry():194}:195}(Object(Illuminate\\Http\\Request))\n#12 /Applications/MAMP/htdocs/laravel/newvantom/pushennewvantom/myrepo/finalproject/Tickethub/vendor/laravel/framework/src/Illuminate/Pipeline/Pipeline.php(219): Illuminate\\Routing\\Middleware\\SubstituteBindings->handle(Object(Illuminate\\Http\\Request), Object(Closure))\n#13 /Applications/MAMP/htdocs/laravel/newvantom/pushennewvantom/myrepo/finalproject/Tickethub/vendor/laravel/framework/src/Illuminate/Auth/Middleware/Authenticate.php(63): Illuminate\\Pipeline\\Pipeline->{closure:{closure:Illuminate\\Pipeline\\Pipeline::carry():194}:195}(Object(Illuminate\\Http\\Request))\n#14 /Applications/MAMP/htdocs/laravel/newvantom/pushennewvantom/myrepo/finalproject/Tickethub/vendor/laravel/framework/src/Illuminate/Pipeline/Pipeline.php(219): Illuminate\\Auth\\Middleware\\Authenticate->handle(Object(Illuminate\\Http\\Request), Object(Closure))\n#15 /Applications/MAMP/htdocs/laravel/newvantom/pushennewvantom/myrepo/finalproject/Tickethub/vendor/laravel/framework/src/Illuminate/Foundation/Http/Middleware/PreventRequestForgery.php(104): Illuminate\\Pipeline\\Pipeline->{closure:{closure:Illuminate\\Pipeline\\Pipeline::carry():194}:195}(Object(Illuminate\\Http\\Request))\n#16 /Applications/MAMP/htdocs/laravel/newvantom/pushennewvantom/myrepo/finalproject/Tickethub/vendor/laravel/framework/src/Illuminate/Pipeline/Pipeline.php(219): Illuminate\\Foundation\\Http\\Middleware\\PreventRequestForgery->handle(Object(Illuminate\\Http\\Request), Object(Closure))\n#17 /Applications/MAMP/htdocs/laravel/newvantom/pushennewvantom/myrepo/finalproject/Tickethub/vendor/laravel/framework/src/Illuminate/View/Middleware/ShareErrorsFromSession.php(48): Illuminate\\Pipeline\\Pipeline->{closure:{closure:Illuminate\\Pipeline\\Pipeline::carry():194}:195}(Object(Illuminate\\Http\\Request))\n#18 /Applications/MAMP/htdocs/laravel/newvantom/pushennewvantom/myrepo/finalproject/Tickethub/vendor/laravel/framework/src/Illuminate/Pipeline/Pipeline.php(219): Illuminate\\View\\Middleware\\ShareErrorsFromSession->handle(Object(Illuminate\\Http\\Request), Object(Closure))\n#19 /Applications/MAMP/htdocs/laravel/newvantom/pushennewvantom/myrepo/finalproject/Tickethub/vendor/laravel/framework/src/Illuminate/Session/Middleware/StartSession.php(120): Illuminate\\Pipeline\\Pipeline->{closure:{closure:Illuminate\\Pipeline\\Pipeline::carry():194}:195}(Object(Illuminate\\Http\\Request))\n#20 /Applications/MAMP/htdocs/laravel/newvantom/pushennewvantom/myrepo/finalproject/Tickethub/vendor/laravel/framework/src/Illuminate/Session/Middleware/StartSession.php(63): Illuminate\\Session\\Middleware\\StartSession->handleStatefulRequest(Object(Illuminate\\Http\\Request), Object(Illuminate\\Session\\Store), Object(Closure))\n#21 /Applications/MAMP/htdocs/laravel/newvantom/pushennewvantom/myrepo/finalproject/Tickethub/vendor/laravel/framework/src/Illuminate/Pipeline/Pipeline.php(219): Illuminate\\Session\\Middleware\\StartSession->handle(Object(Illuminate\\Http\\Request), Object(Closure))\n#22 /Applications/MAMP/htdocs/laravel/newvantom/pushennewvantom/myrepo/finalproject/Tickethub/vendor/laravel/framework/src/Illuminate/Cookie/Middleware/AddQueuedCookiesToResponse.php(36): Illuminate\\Pipeline\\Pipeline->{closure:{closure:Illuminate\\Pipeline\\Pipeline::carry():194}:195}(Object(Illuminate\\Http\\Request))\n#23 /Applications/MAMP/htdocs/laravel/newvantom/pushennewvantom/myrepo/finalproject/Tickethub/vendor/laravel/framework/src/Illuminate/Pipeline/Pipeline.php(219): Illuminate\\Cookie\\Middleware\\AddQueuedCookiesToResponse->handle(Object(Illuminate\\Http\\Request), Object(Closure))\n#24 /Applications/MAMP/htdocs/laravel/newvantom/pushennewvantom/myrepo/finalproject/Tickethub/vendor/laravel/framework/src/Illuminate/Cookie/Middleware/EncryptCookies.php(74): Illuminate\\Pipeline\\Pipeline->{closure:{closure:Illuminate\\Pipeline\\Pipeline::carry():194}:195}(Object(Illuminate\\Http\\Request))\n#25 /Applications/MAMP/htdocs/laravel/newvantom/pushennewvantom/myrepo/finalproject/Tickethub/vendor/laravel/framework/src/Illuminate/Pipeline/Pipeline.php(219): Illuminate\\Cookie\\Middleware\\EncryptCookies->handle(Object(Illuminate\\Http\\Request), Object(Closure))\n#26 /Applications/MAMP/htdocs/laravel/newvantom/pushennewvantom/myrepo/finalproject/Tickethub/vendor/laravel/framework/src/Illuminate/Pipeline/Pipeline.php(137): Illuminate\\Pipeline\\Pipeline->{closure:{closure:Illuminate\\Pipeline\\Pipeline::carry():194}:195}(Object(Illuminate\\Http\\Request))\n#27 /Applications/MAMP/htdocs/laravel/newvantom/pushennewvantom/myrepo/finalproject/Tickethub/vendor/laravel/framework/src/Illuminate/Routing/Router.php(821): Illuminate\\Pipeline\\Pipeline->then(Object(Closure))\n#28 /Applications/MAMP/htdocs/laravel/newvantom/pushennewvantom/myrepo/finalproject/Tickethub/vendor/laravel/framework/src/Illuminate/Routing/Router.php(800): Illuminate\\Routing\\Router->runRouteWithinStack(Object(Illuminate\\Routing\\Route), Object(Illuminate\\Http\\Request))\n#29 /Applications/MAMP/htdocs/laravel/newvantom/pushennewvantom/myrepo/finalproject/Tickethub/vendor/laravel/framework/src/Illuminate/Routing/Router.php(764): Illuminate\\Routing\\Router->runRoute(Object(Illuminate\\Http\\Request), Object(Illuminate\\Routing\\Route))\n#30 /Applications/MAMP/htdocs/laravel/newvantom/pushennewvantom/myrepo/finalproject/Tickethub/vendor/laravel/framework/src/Illuminate/Routing/Router.php(753): Illuminate\\Routing\\Router->dispatchToRoute(Object(Illuminate\\Http\\Request))\n#31 /Applications/MAMP/htdocs/laravel/newvantom/pushennewvantom/myrepo/finalproject/Tickethub/vendor/laravel/framework/src/Illuminate/Foundation/Http/Kernel.php(200): Illuminate\\Routing\\Router->dispatch(Object(Illuminate\\Http\\Request))\n#32 /Applications/MAMP/htdocs/laravel/newvantom/pushennewvantom/myrepo/finalproject/Tickethub/vendor/laravel/framework/src/Illuminate/Pipeline/Pipeline.php(180): Illuminate\\Foundation\\Http\\Kernel->{closure:Illuminate\\Foundation\\Http\\Kernel::dispatchToRouter():197}(Object(Illuminate\\Http\\Request))\n#33 /Applications/MAMP/htdocs/laravel/newvantom/pushennewvantom/myrepo/finalproject/Tickethub/vendor/livewire/livewire/src/Features/SupportDisablingBackButtonCache/DisableBackButtonCacheMiddleware.php(19): Illuminate\\Pipeline\\Pipeline->{closure:Illuminate\\Pipeline\\Pipeline::prepareDestination():178}(Object(Illuminate\\Http\\Request))\n#34 /Applications/MAMP/htdocs/laravel/newvantom/pushennewvantom/myrepo/finalproject/Tickethub/vendor/laravel/framework/src/Illuminate/Pipeline/Pipeline.php(219): Livewire\\Features\\SupportDisablingBackButtonCache\\DisableBackButtonCacheMiddleware->handle(Object(Illuminate\\Http\\Request), Object(Closure))\n#35 /Applications/MAMP/htdocs/laravel/newvantom/pushennewvantom/myrepo/finalproject/Tickethub/vendor/laravel/framework/src/Illuminate/Foundation/Http/Middleware/TransformsRequest.php(21): Illuminate\\Pipeline\\Pipeline->{closure:{closure:Illuminate\\Pipeline\\Pipeline::carry():194}:195}(Object(Illuminate\\Http\\Request))\n#36 /Applications/MAMP/htdocs/laravel/newvantom/pushennewvantom/myrepo/finalproject/Tickethub/vendor/laravel/framework/src/Illuminate/Foundation/Http/Middleware/ConvertEmptyStringsToNull.php(31): Illuminate\\Foundation\\Http\\Middleware\\TransformsRequest->handle(Object(Illuminate\\Http\\Request), Object(Closure))\n#37 /Applications/MAMP/htdocs/laravel/newvantom/pushennewvantom/myrepo/finalproject/Tickethub/vendor/laravel/framework/src/Illuminate/Pipeline/Pipeline.php(219): Illuminate\\Foundation\\Http\\Middleware\\ConvertEmptyStringsToNull->handle(Object(Illuminate\\Http\\Request), Object(Closure))\n#38 /Applications/MAMP/htdocs/laravel/newvantom/pushennewvantom/myrepo/finalproject/Tickethub/vendor/laravel/framework/src/Illuminate/Foundation/Http/Middleware/TransformsRequest.php(21): Illuminate\\Pipeline\\Pipeline->{closure:{closure:Illuminate\\Pipeline\\Pipeline::carry():194}:195}(Object(Illuminate\\Http\\Request))\n#39 /Applications/MAMP/htdocs/laravel/newvantom/pushennewvantom/myrepo/finalproject/Tickethub/vendor/laravel/framework/src/Illuminate/Foundation/Http/Middleware/TrimStrings.php(51): Illuminate\\Foundation\\Http\\Middleware\\TransformsRequest->handle(Object(Illuminate\\Http\\Request), Object(Closure))\n#40 /Applications/MAMP/htdocs/laravel/newvantom/pushennewvantom/myrepo/finalproject/Tickethub/vendor/laravel/framework/src/Illuminate/Pipeline/Pipeline.php(219): Illuminate\\Foundation\\Http\\Middleware\\TrimStrings->handle(Object(Illuminate\\Http\\Request), Object(Closure))\n#41 /Applications/MAMP/htdocs/laravel/newvantom/pushennewvantom/myrepo/finalproject/Tickethub/vendor/laravel/framework/src/Illuminate/Http/Middleware/ValidatePostSize.php(27): Illuminate\\Pipeline\\Pipeline->{closure:{closure:Illuminate\\Pipeline\\Pipeline::carry():194}:195}(Object(Illuminate\\Http\\Request))\n#42 /Applications/MAMP/htdocs/laravel/newvantom/pushennewvantom/myrepo/finalproject/Tickethub/vendor/laravel/framework/src/Illuminate/Pipeline/Pipeline.php(219): Illuminate\\Http\\Middleware\\ValidatePostSize->handle(Object(Illuminate\\Http\\Request), Object(Closure))\n#43 /Applications/MAMP/htdocs/laravel/newvantom/pushennewvantom/myrepo/finalproject/Tickethub/vendor/laravel/framework/src/Illuminate/Foundation/Http/Middleware/PreventRequestsDuringMaintenance.php(109): Illuminate\\Pipeline\\Pipeline->{closure:{closure:Illuminate\\Pipeline\\Pipeline::carry():194}:195}(Object(Illuminate\\Http\\Request))\n#44 /Applications/MAMP/htdocs/laravel/newvantom/pushennewvantom/myrepo/finalproject/Tickethub/vendor/laravel/framework/src/Illuminate/Pipeline/Pipeline.php(219): Illuminate\\Foundation\\Http\\Middleware\\PreventRequestsDuringMaintenance->handle(Object(Illuminate\\Http\\Request), Object(Closure))\n#45 /Applications/MAMP/htdocs/laravel/newvantom/pushennewvantom/myrepo/finalproject/Tickethub/vendor/laravel/framework/src/Illuminate/Http/Middleware/HandleCors.php(61): Illuminate\\Pipeline\\Pipeline->{closure:{closure:Illuminate\\Pipeline\\Pipeline::carry():194}:195}(Object(Illuminate\\Http\\Request))\n#46 /Applications/MAMP/htdocs/laravel/newvantom/pushennewvantom/myrepo/finalproject/Tickethub/vendor/laravel/framework/src/Illuminate/Pipeline/Pipeline.php(219): Illuminate\\Http\\Middleware\\HandleCors->handle(Object(Illuminate\\Http\\Request), Object(Closure))\n#47 /Applications/MAMP/htdocs/laravel/newvantom/pushennewvantom/myrepo/finalproject/Tickethub/vendor/laravel/framework/src/Illuminate/Http/Middleware/TrustProxies.php(58): Illuminate\\Pipeline\\Pipeline->{closure:{closure:Illuminate\\Pipeline\\Pipeline::carry():194}:195}(Object(Illuminate\\Http\\Request))\n#48 /Applications/MAMP/htdocs/laravel/newvantom/pushennewvantom/myrepo/finalproject/Tickethub/vendor/laravel/framework/src/Illuminate/Pipeline/Pipeline.php(219): Illuminate\\Http\\Middleware\\TrustProxies->handle(Object(Illuminate\\Http\\Request), Object(Closure))\n#49 /Applications/MAMP/htdocs/laravel/newvantom/pushennewvantom/myrepo/finalproject/Tickethub/vendor/laravel/framework/src/Illuminate/Foundation/Http/Middleware/InvokeDeferredCallbacks.php(22): Illuminate\\Pipeline\\Pipeline->{closure:{closure:Illuminate\\Pipeline\\Pipeline::carry():194}:195}(Object(Illuminate\\Http\\Request))\n#50 /Applications/MAMP/htdocs/laravel/newvantom/pushennewvantom/myrepo/finalproject/Tickethub/vendor/laravel/framework/src/Illuminate/Pipeline/Pipeline.php(219): Illuminate\\Foundation\\Http\\Middleware\\InvokeDeferredCallbacks->handle(Object(Illuminate\\Http\\Request), Object(Closure))\n#51 /Applications/MAMP/htdocs/laravel/newvantom/pushennewvantom/myrepo/finalproject/Tickethub/vendor/laravel/framework/src/Illuminate/Http/Middleware/ValidatePathEncoding.php(28): Illuminate\\Pipeline\\Pipeline->{closure:{closure:Illuminate\\Pipeline\\Pipeline::carry():194}:195}(Object(Illuminate\\Http\\Request))\n#52 /Applications/MAMP/htdocs/laravel/newvantom/pushennewvantom/myrepo/finalproject/Tickethub/vendor/laravel/framework/src/Illuminate/Pipeline/Pipeline.php(219): Illuminate\\Http\\Middleware\\ValidatePathEncoding->handle(Object(Illuminate\\Http\\Request), Object(Closure))\n#53 /Applications/MAMP/htdocs/laravel/newvantom/pushennewvantom/myrepo/finalproject/Tickethub/vendor/laravel/framework/src/Illuminate/Pipeline/Pipeline.php(137): Illuminate\\Pipeline\\Pipeline->{closure:{closure:Illuminate\\Pipeline\\Pipeline::carry():194}:195}(Object(Illuminate\\Http\\Request))\n#54 /Applications/MAMP/htdocs/laravel/newvantom/pushennewvantom/myrepo/finalproject/Tickethub/vendor/laravel/framework/src/Illuminate/Foundation/Http/Kernel.php(175): Illuminate\\Pipeline\\Pipeline->then(Object(Closure))\n#55 /Applications/MAMP/htdocs/laravel/newvantom/pushennewvantom/myrepo/finalproject/Tickethub/vendor/laravel/framework/src/Illuminate/Foundation/Http/Kernel.php(144): Illuminate\\Foundation\\Http\\Kernel->sendRequestThroughRouter(Object(Illuminate\\Http\\Request))\n#56 /Applications/MAMP/htdocs/laravel/newvantom/pushennewvantom/myrepo/finalproject/Tickethub/vendor/laravel/framework/src/Illuminate/Foundation/Testing/Concerns/MakesHttpRequests.php(607): Illuminate\\Foundation\\Http\\Kernel->handle(Object(Illuminate\\Http\\Request))\n#57 /Applications/MAMP/htdocs/laravel/newvantom/pushennewvantom/myrepo/finalproject/Tickethub/vendor/laravel/framework/src/Illuminate/Foundation/Testing/Concerns/MakesHttpRequests.php(368): Illuminate\\Foundation\\Testing\\TestCase->call('GET', 'https://licoric...', Array, Array, Array, Array)\n#58 /Applications/MAMP/htdocs/laravel/newvantom/pushennewvantom/myrepo/finalproject/Tickethub/tests/Feature/OrganizerDashboardTest.php(33): Illuminate\\Foundation\\Testing\\TestCase->get('https://licoric...')\n#59 /Applications/MAMP/htdocs/laravel/newvantom/pushennewvantom/myrepo/finalproject/Tickethub/vendor/pestphp/pest/src/Factories/TestCaseMethodFactory.php(177): P\\Tests\\Feature\\OrganizerDashboardTest->{closure:/Applications/MAMP/htdocs/laravel/newvantom/pushennewvantom/myrepo/finalproject/Tickethub/tests/Feature/OrganizerDashboardTest.php:24}()\n#60 [internal function]: P\\Tests\\Feature\\OrganizerDashboardTest->{closure:Pest\\Factories\\TestCaseMethodFactory::getClosure():167}()\n#61 /Applications/MAMP/htdocs/laravel/newvantom/pushennewvantom/myrepo/finalproject/Tickethub/vendor/pestphp/pest/src/Concerns/Testable.php(509): call_user_func_array(Object(Closure), Array)\n#62 /Applications/MAMP/htdocs/laravel/newvantom/pushennewvantom/myrepo/finalproject/Tickethub/vendor/pestphp/pest/src/Support/ExceptionTrace.php(26): P\\Tests\\Feature\\OrganizerDashboardTest->{closure:Pest\\Concerns\\Testable::__callClosure():509}()\n#63 /Applications/MAMP/htdocs/laravel/newvantom/pushennewvantom/myrepo/finalproject/Tickethub/vendor/pestphp/pest/src/Concerns/Testable.php(509): Pest\\Support\\ExceptionTrace::ensure(Object(Closure))\n#64 /Applications/MAMP/htdocs/laravel/newvantom/pushennewvantom/myrepo/finalproject/Tickethub/vendor/pestphp/pest/src/Concerns/Testable.php(336): P\\Tests\\Feature\\OrganizerDashboardTest->__callClosure(Object(Closure), Array)\n#65 /Applications/MAMP/htdocs/laravel/newvantom/pushennewvantom/myrepo/finalproject/Tickethub/vendor/pestphp/pest/src/Factories/TestCaseFactory.php(175) : eval()'d code(35): P\\Tests\\Feature\\OrganizerDashboardTest->__runTest(Object(Closure))\n#66 /Applications/MAMP/htdocs/laravel/newvantom/pushennewvantom/myrepo/finalproject/Tickethub/vendor/phpunit/phpunit/src/Framework/TestCase.php(1335): P\\Tests\\Feature\\OrganizerDashboardTest->__pest_evaluable_organizers_can_access_their_dashboard()\n#67 /Applications/MAMP/htdocs/laravel/newvantom/pushennewvantom/myrepo/finalproject/Tickethub/vendor/phpunit/phpunit/src/Framework/TestCase.php(519): PHPUnit\\Framework\\TestCase->runTest()\n#68 /Applications/MAMP/htdocs/laravel/newvantom/pushennewvantom/myrepo/finalproject/Tickethub/vendor/phpunit/phpunit/src/Framework/TestRunner/TestRunner.php(99): PHPUnit\\Framework\\TestCase->runBare()\n#69 /Applications/MAMP/htdocs/laravel/newvantom/pushennewvantom/myrepo/finalproject/Tickethub/vendor/phpunit/phpunit/src/Framework/TestCase.php(359): PHPUnit\\Framework\\TestRunner->run(Object(P\\Tests\\Feature\\OrganizerDashboardTest))\n#70 /Applications/MAMP/htdocs/laravel/newvantom/pushennewvantom/myrepo/finalproject/Tickethub/vendor/phpunit/phpunit/src/Framework/TestSuite.php(374): PHPUnit\\Framework\\TestCase->run()\n#71 /Applications/MAMP/htdocs/laravel/newvantom/pushennewvantom/myrepo/finalproject/Tickethub/vendor/phpunit/phpunit/src/Framework/TestSuite.php(374): PHPUnit\\Framework\\TestSuite->run()\n#72 /Applications/MAMP/htdocs/laravel/newvantom/pushennewvantom/myrepo/finalproject/Tickethub/vendor/phpunit/phpunit/src/Framework/TestSuite.php(374): PHPUnit\\Framework\\TestSuite->run()\n#73 /Applications/MAMP/htdocs/laravel/newvantom/pushennewvantom/myrepo/finalproject/Tickethub/vendor/phpunit/phpunit/src/TextUI/TestRunner.php(64): PHPUnit\\Framework\\TestSuite->run()\n#74 /Applications/MAMP/htdocs/laravel/newvantom/pushennewvantom/myrepo/finalproject/Tickethub/vendor/phpunit/phpunit/src/TextUI/Application.php(229): PHPUnit\\TextUI\\TestRunner->run(Object(PHPUnit\\TextUI\\Configuration\\Configuration), Object(PHPUnit\\Runner\\ResultCache\\DefaultResultCache), Object(PHPUnit\\Framework\\TestSuite))\n#75 /Applications/MAMP/htdocs/laravel/newvantom/pushennewvantom/myrepo/finalproject/Tickethub/vendor/pestphp/pest/src/Kernel.php(103): PHPUnit\\TextUI\\Application->run(Array)\n#76 /Applications/MAMP/htdocs/laravel/newvantom/pushennewvantom/myrepo/finalproject/Tickethub/vendor/pestphp/pest/bin/pest(195): Pest\\Kernel->handle(Array, Array)\n#77 /Applications/MAMP/htdocs/laravel/newvantom/pushennewvantom/myrepo/finalproject/Tickethub/vendor/pestphp/pest/bin/pest(203): {closure:/Applications/MAMP/htdocs/laravel/newvantom/pushennewvantom/myrepo/finalproject/Tickethub/vendor/pestphp/pest/bin/pest:19}()\n#78 /Applications/MAMP/htdocs/laravel/newvantom/pushennewvantom/myrepo/finalproject/Tickethub/vendor/bin/pest(119): include('/Applications/M...')\n#79 {main}\n\n----------------------------------------------------------------------------------\n\nApp\\Services\\OrganizerStatsService::getDateFilter(): Return value must be of type Carbon\\Carbon, Carbon\\CarbonImmutable returned"},{"test":"P\\Tests\\Feature\\OrganizerDashboardTest::__pest_evaluable_organizer_dashboard_displays_correct_statistics_and_data","file":"/Applications/MAMP/htdocs/laravel/newvantom/pushennewvantom/myrepo/finalproject/Tickethub/vendor/laravel/framework/src/Illuminate/Testing/TestResponseAssert.php","line":45,"message":"Expected response status code [200] but received 500.\nFailed asserting that 500 is identical to 200.\n\nThe following exception occurred during the last request:\n\nTypeError: App\\Services\\OrganizerStatsService::getDateFilter(): Return value must be of type Carbon\\Carbon, Carbon\\CarbonImmutable returned in /Applications/MAMP/htdocs/laravel/newvantom/pushennewvantom/myrepo/finalproject/Tickethub/app/Services/OrganizerStatsService.php:54\nStack trace:\n#0 /Applications/MAMP/htdocs/laravel/newvantom/pushennewvantom/myrepo/finalproject/Tickethub/app/Services/OrganizerStatsService.php(18): App\\Services\\OrganizerStatsService->getDateFilter('month')\n#1 /Applications/MAMP/htdocs/laravel/newvantom/pushennewvantom/myrepo/finalproject/Tickethub/app/Http/Controllers/Organizer/DashboardController.php(19): App\\Services\\OrganizerStatsService->getDashboardStats(Object(App\\Models\\Organizer), 'month')\n#2 /Applications/MAMP/htdocs/laravel/newvantom/pushennewvantom/myrepo/finalproject/Tickethub/vendor/laravel/framework/src/Illuminate/Routing/ControllerDispatcher.php(46): App\\Http\\Controllers\\Organizer\\DashboardController->index(Object(Illuminate\\Http\\Request), Object(App\\Services\\OrganizerStatsService))\n#3 /Applications/MAMP/htdocs/laravel/newvantom/pushennewvantom/myrepo/finalproject/Tickethub/vendor/laravel/framework/src/Illuminate/Routing/Route.php(269): Illuminate\\Routing\\ControllerDispatcher->dispatch(Object(Illuminate\\Routing\\Route), Object(App\\Http\\Controllers\\Organizer\\DashboardController), 'index')\n#4 /Applications/MAMP/htdocs/laravel/newvantom/pushennewvantom/myrepo/finalproject/Tickethub/vendor/laravel/framework/src/Illuminate/Routing/Route.php(215): Illuminate\\Routing\\Route->runController()\n#5 /Applications/MAMP/htdocs/laravel/newvantom/pushennewvantom/myrepo/finalproject/Tickethub/vendor/laravel/framework/src/Illuminate/Routing/Router.php(822): Illuminate\\Routing\\Route->run()\n#6 /Applications/MAMP/htdocs/laravel/newvantom/pushennewvantom/myrepo/finalproject/Tickethub/vendor/laravel/framework/src/Illuminate/Pipeline/Pipeline.php(180): Illuminate\\Routing\\Router->{closure:Illuminate\\Routing\\Router::runRouteWithinStack():821}(Object(Illuminate\\Http\\Request))\n#7 /Applications/MAMP/htdocs/laravel/newvantom/pushennewvantom/myrepo/finalproject/Tickethub/app/Http/Middleware/RoleMiddleware.php(22): Illuminate\\Pipeline\\Pipeline->{closure:Illuminate\\Pipeline\\Pipeline::prepareDestination():178}(Object(Illuminate\\Http\\Request))\n#8 /Applications/MAMP/htdocs/laravel/newvantom/pushennewvantom/myrepo/finalproject/Tickethub/vendor/laravel/framework/src/Illuminate/Pipeline/Pipeline.php(219): App\\Http\\Middleware\\RoleMiddleware->handle(Object(Illuminate\\Http\\Request), Object(Closure), 'organizer')\n#9 /Applications/MAMP/htdocs/laravel/newvantom/pushennewvantom/myrepo/finalproject/Tickethub/vendor/laravel/framework/src/Illuminate/Auth/Middleware/EnsureEmailIsVerified.php(41): Illuminate\\Pipeline\\Pipeline->{closure:{closure:Illuminate\\Pipeline\\Pipeline::carry():194}:195}(Object(Illuminate\\Http\\Request))\n#10 /Applications/MAMP/htdocs/laravel/newvantom/pushennewvantom/myrepo/finalproject/Tickethub/vendor/laravel/framework/src/Illuminate/Pipeline/Pipeline.php(219): Illuminate\\Auth\\Middleware\\EnsureEmailIsVerified->handle(Object(Illuminate\\Http\\Request), Object(Closure))\n#11 /Applications/MAMP/htdocs/laravel/newvantom/pushennewvantom/myrepo/finalproject/Tickethub/vendor/laravel/framework/src/Illuminate/Routing/Middleware/SubstituteBindings.php(52): Illuminate\\Pipeline\\Pipeline->{closure:{closure:Illuminate\\Pipeline\\Pipeline::carry():194}:195}(Object(Illuminate\\Http\\Request))\n#12 /Applications/MAMP/htdocs/laravel/newvantom/pushennewvantom/myrepo/finalproject/Tickethub/vendor/laravel/framework/src/Illuminate/Pipeline/Pipeline.php(219): Illuminate\\Routing\\Middleware\\SubstituteBindings->handle(Object(Illuminate\\Http\\Request), Object(Closure))\n#13 /Applications/MAMP/htdocs/laravel/newvantom/pushennewvantom/myrepo/finalproject/Tickethub/vendor/laravel/framework/src/Illuminate/Auth/Middleware/Authenticate.php(63): Illuminate\\Pipeline\\Pipeline->{closure:{closure:Illuminate\\Pipeline\\Pipeline::carry():194}:195}(Object(Illuminate\\Http\\Request))\n#14 /Applications/MAMP/htdocs/laravel/newvantom/pushennewvantom/myrepo/finalproject/Tickethub/vendor/laravel/framework/src/Illuminate/Pipeline/Pipeline.php(219): Illuminate\\Auth\\Middleware\\Authenticate->handle(Object(Illuminate\\Http\\Request), Object(Closure))\n#15 /Applications/MAMP/htdocs/laravel/newvantom/pushennewvantom/myrepo/finalproject/Tickethub/vendor/laravel/framework/src/Illuminate/Foundation/Http/Middleware/PreventRequestForgery.php(104): Illuminate\\Pipeline\\Pipeline->{closure:{closure:Illuminate\\Pipeline\\Pipeline::carry():194}:195}(Object(Illuminate\\Http\\Request))\n#16 /Applications/MAMP/htdocs/laravel/newvantom/pushennewvantom/myrepo/finalproject/Tickethub/vendor/laravel/framework/src/Illuminate/Pipeline/Pipeline.php(219): Illuminate\\Foundation\\Http\\Middleware\\PreventRequestForgery->handle(Object(Illuminate\\Http\\Request), Object(Closure))\n#17 /Applications/MAMP/htdocs/laravel/newvantom/pushennewvantom/myrepo/finalproject/Tickethub/vendor/laravel/framework/src/Illuminate/View/Middleware/ShareErrorsFromSession.php(48): Illuminate\\Pipeline\\Pipeline->{closure:{closure:Illuminate\\Pipeline\\Pipeline::carry():194}:195}(Object(Illuminate\\Http\\Request))\n#18 /Applications/MAMP/htdocs/laravel/newvantom/pushennewvantom/myrepo/finalproject/Tickethub/vendor/laravel/framework/src/Illuminate/Pipeline/Pipeline.php(219): Illuminate\\View\\Middleware\\ShareErrorsFromSession->handle(Object(Illuminate\\Http\\Request), Object(Closure))\n#19 /Applications/MAMP/htdocs/laravel/newvantom/pushennewvantom/myrepo/finalproject/Tickethub/vendor/laravel/framework/src/Illuminate/Session/Middleware/StartSession.php(120): Illuminate\\Pipeline\\Pipeline->{closure:{closure:Illuminate\\Pipeline\\Pipeline::carry():194}:195}(Object(Illuminate\\Http\\Request))\n#20 /Applications/MAMP/htdocs/laravel/newvantom/pushennewvantom/myrepo/finalproject/Tickethub/vendor/laravel/framework/src/Illuminate/Session/Middleware/StartSession.php(63): Illuminate\\Session\\Middleware\\StartSession->handleStatefulRequest(Object(Illuminate\\Http\\Request), Object(Illuminate\\Session\\Store), Object(Closure))\n#21 /Applications/MAMP/htdocs/laravel/newvantom/pushennewvantom/myrepo/finalproject/Tickethub/vendor/laravel/framework/src/Illuminate/Pipeline/Pipeline.php(219): Illuminate\\Session\\Middleware\\StartSession->handle(Object(Illuminate\\Http\\Request), Object(Closure))\n#22 /Applications/MAMP/htdocs/laravel/newvantom/pushennewvantom/myrepo/finalproject/Tickethub/vendor/laravel/framework/src/Illuminate/Cookie/Middleware/AddQueuedCookiesToResponse.php(36): Illuminate\\Pipeline\\Pipeline->{closure:{closure:Illuminate\\Pipeline\\Pipeline::carry():194}:195}(Object(Illuminate\\Http\\Request))\n#23 /Applications/MAMP/htdocs/laravel/newvantom/pushennewvantom/myrepo/finalproject/Tickethub/vendor/laravel/framework/src/Illuminate/Pipeline/Pipeline.php(219): Illuminate\\Cookie\\Middleware\\AddQueuedCookiesToResponse->handle(Object(Illuminate\\Http\\Request), Object(Closure))\n#24 /Applications/MAMP/htdocs/laravel/newvantom/pushennewvantom/myrepo/finalproject/Tickethub/vendor/laravel/framework/src/Illuminate/Cookie/Middleware/EncryptCookies.php(74): Illuminate\\Pipeline\\Pipeline->{closure:{closure:Illuminate\\Pipeline\\Pipeline::carry():194}:195}(Object(Illuminate\\Http\\Request))\n#25 /Applications/MAMP/htdocs/laravel/newvantom/pushennewvantom/myrepo/finalproject/Tickethub/vendor/laravel/framework/src/Illuminate/Pipeline/Pipeline.php(219): Illuminate\\Cookie\\Middleware\\EncryptCookies->handle(Object(Illuminate\\Http\\Request), Object(Closure))\n#26 /Applications/MAMP/htdocs/laravel/newvantom/pushennewvantom/myrepo/finalproject/Tickethub/vendor/laravel/framework/src/Illuminate/Pipeline/Pipeline.php(137): Illuminate\\Pipeline\\Pipeline->{closure:{closure:Illuminate\\Pipeline\\Pipeline::carry():194}:195}(Object(Illuminate\\Http\\Request))\n#27 /Applications/MAMP/htdocs/laravel/newvantom/pushennewvantom/myrepo/finalproject/Tickethub/vendor/laravel/framework/src/Illuminate/Routing/Router.php(821): Illuminate\\Pipeline\\Pipeline->then(Object(Closure))\n#28 /Applications/MAMP/htdocs/laravel/newvantom/pushennewvantom/myrepo/finalproject/Tickethub/vendor/laravel/framework/src/Illuminate/Routing/Router.php(800): Illuminate\\Routing\\Router->runRouteWithinStack(Object(Illuminate\\Routing\\Route), Object(Illuminate\\Http\\Request))\n#29 /Applications/MAMP/htdocs/laravel/newvantom/pushennewvantom/myrepo/finalproject/Tickethub/vendor/laravel/framework/src/Illuminate/Routing/Router.php(764): Illuminate\\Routing\\Router->runRoute(Object(Illuminate\\Http\\Request), Object(Illuminate\\Routing\\Route))\n#30 /Applications/MAMP/htdocs/laravel/newvantom/pushennewvantom/myrepo/finalproject/Tickethub/vendor/laravel/framework/src/Illuminate/Routing/Router.php(753): Illuminate\\Routing\\Router->dispatchToRoute(Object(Illuminate\\Http\\Request))\n#31 /Applications/MAMP/htdocs/laravel/newvantom/pushennewvantom/myrepo/finalproject/Tickethub/vendor/laravel/framework/src/Illuminate/Foundation/Http/Kernel.php(200): Illuminate\\Routing\\Router->dispatch(Object(Illuminate\\Http\\Request))\n#32 /Applications/MAMP/htdocs/laravel/newvantom/pushennewvantom/myrepo/finalproject/Tickethub/vendor/laravel/framework/src/Illuminate/Pipeline/Pipeline.php(180): Illuminate\\Foundation\\Http\\Kernel->{closure:Illuminate\\Foundation\\Http\\Kernel::dispatchToRouter():197}(Object(Illuminate\\Http\\Request))\n#33 /Applications/MAMP/htdocs/laravel/newvantom/pushennewvantom/myrepo/finalproject/Tickethub/vendor/livewire/livewire/src/Features/SupportDisablingBackButtonCache/DisableBackButtonCacheMiddleware.php(19): Illuminate\\Pipeline\\Pipeline->{closure:Illuminate\\Pipeline\\Pipeline::prepareDestination():178}(Object(Illuminate\\Http\\Request))\n#34 /Applications/MAMP/htdocs/laravel/newvantom/pushennewvantom/myrepo/finalproject/Tickethub/vendor/laravel/framework/src/Illuminate/Pipeline/Pipeline.php(219): Livewire\\Features\\SupportDisablingBackButtonCache\\DisableBackButtonCacheMiddleware->handle(Object(Illuminate\\Http\\Request), Object(Closure))\n#35 /Applications/MAMP/htdocs/laravel/newvantom/pushennewvantom/myrepo/finalproject/Tickethub/vendor/laravel/framework/src/Illuminate/Foundation/Http/Middleware/TransformsRequest.php(21): Illuminate\\Pipeline\\Pipeline->{closure:{closure:Illuminate\\Pipeline\\Pipeline::carry():194}:195}(Object(Illuminate\\Http\\Request))\n#36 /Applications/MAMP/htdocs/laravel/newvantom/pushennewvantom/myrepo/finalproject/Tickethub/vendor/laravel/framework/src/Illuminate/Foundation/Http/Middleware/ConvertEmptyStringsToNull.php(31): Illuminate\\Foundation\\Http\\Middleware\\TransformsRequest->handle(Object(Illuminate\\Http\\Request), Object(Closure))\n#37 /Applications/MAMP/htdocs/laravel/newvantom/pushennewvantom/myrepo/finalproject/Tickethub/vendor/laravel/framework/src/Illuminate/Pipeline/Pipeline.php(219): Illuminate\\Foundation\\Http\\Middleware\\ConvertEmptyStringsToNull->handle(Object(Illuminate\\Http\\Request), Object(Closure))\n#38 /Applications/MAMP/htdocs/laravel/newvantom/pushennewvantom/myrepo/finalproject/Tickethub/vendor/laravel/framework/src/Illuminate/Foundation/Http/Middleware/TransformsRequest.php(21): Illuminate\\Pipeline\\Pipeline->{closure:{closure:Illuminate\\Pipeline\\Pipeline::carry():194}:195}(Object(Illuminate\\Http\\Request))\n#39 /Applications/MAMP/htdocs/laravel/newvantom/pushennewvantom/myrepo/finalproject/Tickethub/vendor/laravel/framework/src/Illuminate/Foundation/Http/Middleware/TrimStrings.php(51): Illuminate\\Foundation\\Http\\Middleware\\TransformsRequest->handle(Object(Illuminate\\Http\\Request), Object(Closure))\n#40 /Applications/MAMP/htdocs/laravel/newvantom/pushennewvantom/myrepo/finalproject/Tickethub/vendor/laravel/framework/src/Illuminate/Pipeline/Pipeline.php(219): Illuminate\\Foundation\\Http\\Middleware\\TrimStrings->handle(Object(Illuminate\\Http\\Request), Object(Closure))\n#41 /Applications/MAMP/htdocs/laravel/newvantom/pushennewvantom/myrepo/finalproject/Tickethub/vendor/laravel/framework/src/Illuminate/Http/Middleware/ValidatePostSize.php(27): Illuminate\\Pipeline\\Pipeline->{closure:{closure:Illuminate\\Pipeline\\Pipeline::carry():194}:195}(Object(Illuminate\\Http\\Request))\n#42 /Applications/MAMP/htdocs/laravel/newvantom/pushennewvantom/myrepo/finalproject/Tickethub/vendor/laravel/framework/src/Illuminate/Pipeline/Pipeline.php(219): Illuminate\\Http\\Middleware\\ValidatePostSize->handle(Object(Illuminate\\Http\\Request), Object(Closure))\n#43 /Applications/MAMP/htdocs/laravel/newvantom/pushennewvantom/myrepo/finalproject/Tickethub/vendor/laravel/framework/src/Illuminate/Foundation/Http/Middleware/PreventRequestsDuringMaintenance.php(109): Illuminate\\Pipeline\\Pipeline->{closure:{closure:Illuminate\\Pipeline\\Pipeline::carry():194}:195}(Object(Illuminate\\Http\\Request))\n#44 /Applications/MAMP/htdocs/laravel/newvantom/pushennewvantom/myrepo/finalproject/Tickethub/vendor/laravel/framework/src/Illuminate/Pipeline/Pipeline.php(219): Illuminate\\Foundation\\Http\\Middleware\\PreventRequestsDuringMaintenance->handle(Object(Illuminate\\Http\\Request), Object(Closure))\n#45 /Applications/MAMP/htdocs/laravel/newvantom/pushennewvantom/myrepo/finalproject/Tickethub/vendor/laravel/framework/src/Illuminate/Http/Middleware/HandleCors.php(61): Illuminate\\Pipeline\\Pipeline->{closure:{closure:Illuminate\\Pipeline\\Pipeline::carry():194}:195}(Object(Illuminate\\Http\\Request))\n#46 /Applications/MAMP/htdocs/laravel/newvantom/pushennewvantom/myrepo/finalproject/Tickethub/vendor/laravel/framework/src/Illuminate/Pipeline/Pipeline.php(219): Illuminate\\Http\\Middleware\\HandleCors->handle(Object(Illuminate\\Http\\Request), Object(Closure))\n#47 /Applications/MAMP/htdocs/laravel/newvantom/pushennewvantom/myrepo/finalproject/Tickethub/vendor/laravel/framework/src/Illuminate/Http/Middleware/TrustProxies.php(58): Illuminate\\Pipeline\\Pipeline->{closure:{closure:Illuminate\\Pipeline\\Pipeline::carry():194}:195}(Object(Illuminate\\Http\\Request))\n#48 /Applications/MAMP/htdocs/laravel/newvantom/pushennewvantom/myrepo/finalproject/Tickethub/vendor/laravel/framework/src/Illuminate/Pipeline/Pipeline.php(219): Illuminate\\Http\\Middleware\\TrustProxies->handle(Object(Illuminate\\Http\\Request), Object(Closure))\n#49 /Applications/MAMP/htdocs/laravel/newvantom/pushennewvantom/myrepo/finalproject/Tickethub/vendor/laravel/framework/src/Illuminate/Foundation/Http/Middleware/InvokeDeferredCallbacks.php(22): Illuminate\\Pipeline\\Pipeline->{closure:{closure:Illuminate\\Pipeline\\Pipeline::carry():194}:195}(Object(Illuminate\\Http\\Request))\n#50 /Applications/MAMP/htdocs/laravel/newvantom/pushennewvantom/myrepo/finalproject/Tickethub/vendor/laravel/framework/src/Illuminate/Pipeline/Pipeline.php(219): Illuminate\\Foundation\\Http\\Middleware\\InvokeDeferredCallbacks->handle(Object(Illuminate\\Http\\Request), Object(Closure))\n#51 /Applications/MAMP/htdocs/laravel/newvantom/pushennewvantom/myrepo/finalproject/Tickethub/vendor/laravel/framework/src/Illuminate/Http/Middleware/ValidatePathEncoding.php(28): Illuminate\\Pipeline\\Pipeline->{closure:{closure:Illuminate\\Pipeline\\Pipeline::carry():194}:195}(Object(Illuminate\\Http\\Request))\n#52 /Applications/MAMP/htdocs/laravel/newvantom/pushennewvantom/myrepo/finalproject/Tickethub/vendor/laravel/framework/src/Illuminate/Pipeline/Pipeline.php(219): Illuminate\\Http\\Middleware\\ValidatePathEncoding->handle(Object(Illuminate\\Http\\Request), Object(Closure))\n#53 /Applications/MAMP/htdocs/laravel/newvantom/pushennewvantom/myrepo/finalproject/Tickethub/vendor/laravel/framework/src/Illuminate/Pipeline/Pipeline.php(137): Illuminate\\Pipeline\\Pipeline->{closure:{closure:Illuminate\\Pipeline\\Pipeline::carry():194}:195}(Object(Illuminate\\Http\\Request))\n#54 /Applications/MAMP/htdocs/laravel/newvantom/pushennewvantom/myrepo/finalproject/Tickethub/vendor/laravel/framework/src/Illuminate/Foundation/Http/Kernel.php(175): Illuminate\\Pipeline\\Pipeline->then(Object(Closure))\n#55 /Applications/MAMP/htdocs/laravel/newvantom/pushennewvantom/myrepo/finalproject/Tickethub/vendor/laravel/framework/src/Illuminate/Foundation/Http/Kernel.php(144): Illuminate\\Foundation\\Http\\Kernel->sendRequestThroughRouter(Object(Illuminate\\Http\\Request))\n#56 /Applications/MAMP/htdocs/laravel/newvantom/pushennewvantom/myrepo/finalproject/Tickethub/vendor/laravel/framework/src/Illuminate/Foundation/Testing/Concerns/MakesHttpRequests.php(607): Illuminate\\Foundation\\Http\\Kernel->handle(Object(Illuminate\\Http\\Request))\n#57 /Applications/MAMP/htdocs/laravel/newvantom/pushennewvantom/myrepo/finalproject/Tickethub/vendor/laravel/framework/src/Illuminate/Foundation/Testing/Concerns/MakesHttpRequests.php(368): Illuminate\\Foundation\\Testing\\TestCase->call('GET', 'https://licoric...', Array, Array, Array, Array)\n#58 /Applications/MAMP/htdocs/laravel/newvantom/pushennewvantom/myrepo/finalproject/Tickethub/tests/Feature/OrganizerDashboardTest.php(103): Illuminate\\Foundation\\Testing\\TestCase->get('https://licoric...')\n#59 /Applications/MAMP/htdocs/laravel/newvantom/pushennewvantom/myrepo/finalproject/Tickethub/vendor/pestphp/pest/src/Factories/TestCaseMethodFactory.php(177): P\\Tests\\Feature\\OrganizerDashboardTest->{closure:/Applications/MAMP/htdocs/laravel/newvantom/pushennewvantom/myrepo/finalproject/Tickethub/tests/Feature/OrganizerDashboardTest.php:36}()\n#60 [internal function]: P\\Tests\\Feature\\OrganizerDashboardTest->{closure:Pest\\Factories\\TestCaseMethodFactory::getClosure():167}()\n#61 /Applications/MAMP/htdocs/laravel/newvantom/pushennewvantom/myrepo/finalproject/Tickethub/vendor/pestphp/pest/src/Concerns/Testable.php(509): call_user_func_array(Object(Closure), Array)\n#62 /Applications/MAMP/htdocs/laravel/newvantom/pushennewvantom/myrepo/finalproject/Tickethub/vendor/pestphp/pest/src/Support/ExceptionTrace.php(26): P\\Tests\\Feature\\OrganizerDashboardTest->{closure:Pest\\Concerns\\Testable::__callClosure():509}()\n#63 /Applications/MAMP/htdocs/laravel/newvantom/pushennewvantom/myrepo/finalproject/Tickethub/vendor/pestphp/pest/src/Concerns/Testable.php(509): Pest\\Support\\ExceptionTrace::ensure(Object(Closure))\n#64 /Applications/MAMP/htdocs/laravel/newvantom/pushennewvantom/myrepo/finalproject/Tickethub/vendor/pestphp/pest/src/Concerns/Testable.php(336): P\\Tests\\Feature\\OrganizerDashboardTest->__callClosure(Object(Closure), Array)\n#65 /Applications/MAMP/htdocs/laravel/newvantom/pushennewvantom/myrepo/finalproject/Tickethub/vendor/pestphp/pest/src/Factories/TestCaseFactory.php(175) : eval()'d code(44): P\\Tests\\Feature\\OrganizerDashboardTest->__runTest(Object(Closure))\n#66 /Applications/MAMP/htdocs/laravel/newvantom/pushennewvantom/myrepo/finalproject/Tickethub/vendor/phpunit/phpunit/src/Framework/TestCase.php(1335): P\\Tests\\Feature\\OrganizerDashboardTest->__pest_evaluable_organizer_dashboard_displays_correct_statistics_and_data()\n#67 /Applications/MAMP/htdocs/laravel/newvantom/pushennewvantom/myrepo/finalproject/Tickethub/vendor/phpunit/phpunit/src/Framework/TestCase.php(519): PHPUnit\\Framework\\TestCase->runTest()\n#68 /Applications/MAMP/htdocs/laravel/newvantom/pushennewvantom/myrepo/finalproject/Tickethub/vendor/phpunit/phpunit/src/Framework/TestRunner/TestRunner.php(99): PHPUnit\\Framework\\TestCase->runBare()\n#69 /Applications/MAMP/htdocs/laravel/newvantom/pushennewvantom/myrepo/finalproject/Tickethub/vendor/phpunit/phpunit/src/Framework/TestCase.php(359): PHPUnit\\Framework\\TestRunner->run(Object(P\\Tests\\Feature\\OrganizerDashboardTest))\n#70 /Applications/MAMP/htdocs/laravel/newvantom/pushennewvantom/myrepo/finalproject/Tickethub/vendor/phpunit/phpunit/src/Framework/TestSuite.php(374): PHPUnit\\Framework\\TestCase->run()\n#71 /Applications/MAMP/htdocs/laravel/newvantom/pushennewvantom/myrepo/finalproject/Tickethub/vendor/phpunit/phpunit/src/Framework/TestSuite.php(374): PHPUnit\\Framework\\TestSuite->run()\n#72 /Applications/MAMP/htdocs/laravel/newvantom/pushennewvantom/myrepo/finalproject/Tickethub/vendor/phpunit/phpunit/src/Framework/TestSuite.php(374): PHPUnit\\Framework\\TestSuite->run()\n#73 /Applications/MAMP/htdocs/laravel/newvantom/pushennewvantom/myrepo/finalproject/Tickethub/vendor/phpunit/phpunit/src/TextUI/TestRunner.php(64): PHPUnit\\Framework\\TestSuite->run()\n#74 /Applications/MAMP/htdocs/laravel/newvantom/pushennewvantom/myrepo/finalproject/Tickethub/vendor/phpunit/phpunit/src/TextUI/Application.php(229): PHPUnit\\TextUI\\TestRunner->run(Object(PHPUnit\\TextUI\\Configuration\\Configuration), Object(PHPUnit\\Runner\\ResultCache\\DefaultResultCache), Object(PHPUnit\\Framework\\TestSuite))\n#75 /Applications/MAMP/htdocs/laravel/newvantom/pushennewvantom/myrepo/finalproject/Tickethub/vendor/pestphp/pest/src/Kernel.php(103): PHPUnit\\TextUI\\Application->run(Array)\n#76 /Applications/MAMP/htdocs/laravel/newvantom/pushennewvantom/myrepo/finalproject/Tickethub/vendor/pestphp/pest/bin/pest(195): Pest\\Kernel->handle(Array, Array)\n#77 /Applications/MAMP/htdocs/laravel/newvantom/pushennewvantom/myrepo/finalproject/Tickethub/vendor/pestphp/pest/bin/pest(203): {closure:/Applications/MAMP/htdocs/laravel/newvantom/pushennewvantom/myrepo/finalproject/Tickethub/vendor/pestphp/pest/bin/pest:19}()\n#78 /Applications/MAMP/htdocs/laravel/newvantom/pushennewvantom/myrepo/finalproject/Tickethub/vendor/bin/pest(119): include('/Applications/M...')\n#79 {main}\n\n----------------------------------------------------------------------------------\n\nApp\\Services\\OrganizerStatsService::getDateFilter(): Return value must be of type Carbon\\Carbon, Carbon\\CarbonImmutable returned"}]}
